2026-06-16 18:08:03,316 INFO o.a.j.u.JMeterUtils: Setting Locale to en_EN
2026-06-16 18:08:03,330 INFO o.a.j.JMeter: Loading user properties from: C:\Users\vitoc\AppData\Local\Temp\jmeter\apache-jmeter-5.6.3\bin\user.properties
2026-06-16 18:08:03,331 INFO o.a.j.JMeter: Loading system properties from: C:\Users\vitoc\AppData\Local\Temp\jmeter\apache-jmeter-5.6.3\bin\system.properties
2026-06-16 18:08:03,335 INFO o.a.j.JMeter: Copyright (c) 1998-2024 The Apache Software Foundation
2026-06-16 18:08:03,336 INFO o.a.j.JMeter: Version 5.6.3
2026-06-16 18:08:03,336 INFO o.a.j.JMeter: java.version=25.0.3
2026-06-16 18:08:03,336 INFO o.a.j.JMeter: java.vm.name=OpenJDK 64-Bit Server VM
2026-06-16 18:08:03,336 INFO o.a.j.JMeter: os.name=Windows 11
2026-06-16 18:08:03,336 INFO o.a.j.JMeter: os.arch=amd64
2026-06-16 18:08:03,336 INFO o.a.j.JMeter: os.version=10.0
2026-06-16 18:08:03,336 INFO o.a.j.JMeter: file.encoding=UTF-8
2026-06-16 18:08:03,336 INFO o.a.j.JMeter: java.awt.headless=true
2026-06-16 18:08:03,336 INFO o.a.j.JMeter: Max memory     =1073741824
2026-06-16 18:08:03,336 INFO o.a.j.JMeter: Available Processors =8
2026-06-16 18:08:03,347 INFO o.a.j.JMeter: Default Locale=English (EN)
2026-06-16 18:08:03,347 INFO o.a.j.JMeter: JMeter  Locale=English (EN)
2026-06-16 18:08:03,347 INFO o.a.j.JMeter: JMeterHome=C:\Users\vitoc\AppData\Local\Temp\jmeter\apache-jmeter-5.6.3
2026-06-16 18:08:03,347 INFO o.a.j.JMeter: user.dir  =C:\Users\vitoc\OneDrive\Desktop\Victor\DUOC\modo-ensayo
2026-06-16 18:08:03,348 INFO o.a.j.JMeter: PWD       =C:\Users\vitoc\OneDrive\Desktop\Victor\DUOC\modo-ensayo
2026-06-16 18:08:03,350 INFO o.a.j.JMeter: IP: 192.168.1.15 Name: Vic FullName: Vic
2026-06-16 18:08:03,362 INFO o.a.j.s.FileServer: Default base='C:\Users\vitoc\OneDrive\Desktop\Victor\DUOC\modo-ensayo'
2026-06-16 18:08:03,363 INFO o.a.j.s.FileServer: Set new base='C:\Users\vitoc\OneDrive\Desktop\Victor\DUOC\modo-ensayo\jmeter'
2026-06-16 18:08:03,601 INFO o.a.j.s.SaveService: Testplan (JMX) version: 2.2. Testlog (JTL) version: 2.2
2026-06-16 18:08:03,615 INFO o.a.j.s.SaveService: Using SaveService properties version 5.0
2026-06-16 18:08:03,617 INFO o.a.j.s.SaveService: Using SaveService properties file encoding UTF-8
2026-06-16 18:08:03,620 INFO o.a.j.s.SaveService: Loading file: C:\Users\vitoc\OneDrive\Desktop\Victor\DUOC\modo-ensayo\jmeter\modoensayo-load-test.jmx
2026-06-16 18:08:03,666 INFO o.a.j.p.h.s.HTTPSamplerBase: Parser for text/html is org.apache.jmeter.protocol.http.parser.LagartoBasedHtmlParser
2026-06-16 18:08:03,667 INFO o.a.j.p.h.s.HTTPSamplerBase: Parser for application/xhtml+xml is org.apache.jmeter.protocol.http.parser.LagartoBasedHtmlParser
2026-06-16 18:08:03,667 INFO o.a.j.p.h.s.HTTPSamplerBase: Parser for application/xml is org.apache.jmeter.protocol.http.parser.LagartoBasedHtmlParser
2026-06-16 18:08:03,667 INFO o.a.j.p.h.s.HTTPSamplerBase: Parser for text/xml is org.apache.jmeter.protocol.http.parser.LagartoBasedHtmlParser
2026-06-16 18:08:03,667 INFO o.a.j.p.h.s.HTTPSamplerBase: Parser for text/vnd.wap.wml is org.apache.jmeter.protocol.http.parser.RegexpHTMLParser
2026-06-16 18:08:03,667 INFO o.a.j.p.h.s.HTTPSamplerBase: Parser for text/css is org.apache.jmeter.protocol.http.parser.CssParser
2026-06-16 18:08:03,703 INFO o.a.j.JMeter: Creating summariser <summary>
2026-06-16 18:08:03,715 INFO o.a.j.e.StandardJMeterEngine: Running the test!
2026-06-16 18:08:03,715 INFO o.a.j.s.SampleEvent: List of sample_variables: []
2026-06-16 18:08:03,715 INFO o.a.j.s.SampleEvent: List of sample_variables: []
2026-06-16 18:08:03,720 INFO o.a.j.e.u.CompoundVariable: Note: Function class names must contain the string: '.functions.'
2026-06-16 18:08:03,720 INFO o.a.j.e.u.CompoundVariable: Note: Function class names must not contain the string: '.gui.'
2026-06-16 18:08:03,800 INFO o.a.j.JMeter: Running test (1781647683800)
2026-06-16 18:08:03,820 INFO o.a.j.e.StandardJMeterEngine: Starting ThreadGroup: 1 : Usuarios Concurrentes
2026-06-16 18:08:03,821 INFO o.a.j.e.StandardJMeterEngine: Starting 50 threads for group Usuarios Concurrentes.
2026-06-16 18:08:03,821 INFO o.a.j.e.StandardJMeterEngine: Thread will continue on error
2026-06-16 18:08:03,821 INFO o.a.j.t.ThreadGroup: Starting thread group... number=1 threads=50 ramp-up=10 delayedStart=false
2026-06-16 18:08:03,865 INFO o.a.j.t.ThreadGroup: Started thread group number 1
2026-06-16 18:08:03,865 INFO o.a.j.e.StandardJMeterEngine: All thread groups have been started
2026-06-16 18:08:03,958 INFO o.a.j.t.JMeterThread: Thread started: Usuarios Concurrentes 1-1
2026-06-16 18:08:03,961 INFO o.a.j.s.FileServer: Stored: jmeter/test-users.csv
2026-06-16 18:08:04,174 INFO o.a.j.t.JMeterThread: Thread started: Usuarios Concurrentes 1-2
2026-06-16 18:08:04,371 INFO o.a.j.t.JMeterThread: Thread started: Usuarios Concurrentes 1-3
2026-06-16 18:08:04,531 INFO o.a.j.t.JMeterThread: Thread started: Usuarios Concurrentes 1-4
2026-06-16 18:08:04,728 INFO o.a.j.t.JMeterThread: Thread started: Usuarios Concurrentes 1-5
2026-06-16 18:08:04,938 INFO o.a.j.t.JMeterThread: Thread started: Usuarios Concurrentes 1-6
2026-06-16 18:08:05,165 INFO o.a.j.t.JMeterThread: Thread started: Usuarios Concurrentes 1-7
2026-06-16 18:08:05,366 INFO o.a.j.t.JMeterThread: Thread started: Usuarios Concurrentes 1-8
2026-06-16 18:08:05,519 INFO o.a.j.t.JMeterThread: Thread started: Usuarios Concurrentes 1-9
2026-06-16 18:08:05,723 INFO o.a.j.t.JMeterThread: Thread started: Usuarios Concurrentes 1-10
2026-06-16 18:08:05,960 INFO o.a.j.t.JMeterThread: Thread started: Usuarios Concurrentes 1-11
2026-06-16 18:08:05,993 INFO o.a.j.p.h.s.HTTPHCAbstractImpl: Local host = Vic
2026-06-16 18:08:05,999 INFO o.a.j.p.h.s.HTTPHC4Impl: HTTP request retry count = 0
2026-06-16 18:08:06,001 INFO o.a.j.s.SampleResult: Note: Sample TimeStamps are START times
2026-06-16 18:08:06,001 INFO o.a.j.s.SampleResult: sampleresult.default.encoding is set to UTF-8
2026-06-16 18:08:06,001 INFO o.a.j.s.SampleResult: sampleresult.useNanoTime=true
2026-06-16 18:08:06,001 INFO o.a.j.s.SampleResult: sampleresult.nanoThreadSleep=5000
2026-06-16 18:08:06,132 INFO o.a.j.t.JMeterThread: Thread started: Usuarios Concurrentes 1-12
2026-06-16 18:08:06,262 ERROR o.a.j.e.j.j.JSONPostProcessor: Error processing JSON content in Extract Token, message: json can not be null or empty
2026-06-16 18:08:06,294 ERROR o.a.j.e.j.j.JSONPostProcessor: Error processing JSON content in Extract Token, message: json can not be null or empty
2026-06-16 18:08:06,311 INFO o.a.j.t.JMeterThread: Thread started: Usuarios Concurrentes 1-13
2026-06-16 18:08:06,463 ERROR o.a.j.e.j.j.JSONPostProcessor: Error processing JSON content in Extract Token, message: json can not be null or empty
2026-06-16 18:08:06,516 INFO o.a.j.t.JMeterThread: Thread started: Usuarios Concurrentes 1-14
2026-06-16 18:08:06,621 ERROR o.a.j.e.j.j.JSONPostProcessor: Error processing JSON content in Extract Token, message: json can not be null or empty
2026-06-16 18:08:06,717 INFO o.a.j.t.JMeterThread: Thread started: Usuarios Concurrentes 1-15
2026-06-16 18:08:06,815 ERROR o.a.j.e.j.j.JSONPostProcessor: Error processing JSON content in Extract Token, message: json can not be null or empty
2026-06-16 18:08:06,938 INFO o.a.j.t.JMeterThread: Thread started: Usuarios Concurrentes 1-16
2026-06-16 18:08:07,026 ERROR o.a.j.e.j.j.JSONPostProcessor: Error processing JSON content in Extract Token, message: json can not be null or empty
2026-06-16 18:08:07,136 INFO o.a.j.t.JMeterThread: Thread started: Usuarios Concurrentes 1-17
2026-06-16 18:08:07,266 ERROR o.a.j.e.j.j.JSONPostProcessor: Error processing JSON content in Extract Token, message: json can not be null or empty
2026-06-16 18:08:07,353 INFO o.a.j.t.JMeterThread: Thread started: Usuarios Concurrentes 1-18
2026-06-16 18:08:07,448 ERROR o.a.j.e.j.j.JSONPostProcessor: Error processing JSON content in Extract Token, message: json can not be null or empty
2026-06-16 18:08:07,551 INFO o.a.j.t.JMeterThread: Thread started: Usuarios Concurrentes 1-19
2026-06-16 18:08:07,616 ERROR o.a.j.e.j.j.JSONPostProcessor: Error processing JSON content in Extract Token, message: json can not be null or empty
2026-06-16 18:08:07,720 INFO o.a.j.t.JMeterThread: Thread started: Usuarios Concurrentes 1-20
2026-06-16 18:08:07,803 ERROR o.a.j.e.j.j.JSONPostProcessor: Error processing JSON content in Extract Token, message: json can not be null or empty
2026-06-16 18:08:07,923 INFO o.a.j.t.JMeterThread: Thread started: Usuarios Concurrentes 1-21
2026-06-16 18:08:08,035 ERROR o.a.j.e.j.j.JSONPostProcessor: Error processing JSON content in Extract Token, message: json can not be null or empty
2026-06-16 18:08:08,150 INFO o.a.j.t.JMeterThread: Thread started: Usuarios Concurrentes 1-22
2026-06-16 18:08:08,210 ERROR o.a.j.e.j.j.JSONPostProcessor: Error processing JSON content in Extract Token, message: json can not be null or empty
2026-06-16 18:08:08,343 INFO o.a.j.t.JMeterThread: Thread started: Usuarios Concurrentes 1-23
2026-06-16 18:08:08,402 ERROR o.a.j.e.j.j.JSONPostProcessor: Error processing JSON content in Extract Token, message: json can not be null or empty
2026-06-16 18:08:08,488 INFO o.a.j.t.JMeterThread: Thread started: Usuarios Concurrentes 1-24
2026-06-16 18:08:08,600 ERROR o.a.j.e.j.j.JSONPostProcessor: Error processing JSON content in Extract Token, message: json can not be null or empty
2026-06-16 18:08:08,713 INFO o.a.j.t.JMeterThread: Thread started: Usuarios Concurrentes 1-25
2026-06-16 18:08:08,801 ERROR o.a.j.e.j.j.JSONPostProcessor: Error processing JSON content in Extract Token, message: json can not be null or empty
2026-06-16 18:08:08,905 INFO o.a.j.t.JMeterThread: Thread started: Usuarios Concurrentes 1-26
2026-06-16 18:08:09,029 ERROR o.a.j.e.j.j.JSONPostProcessor: Error processing JSON content in Extract Token, message: json can not be null or empty
2026-06-16 18:08:09,116 INFO o.a.j.t.JMeterThread: Thread started: Usuarios Concurrentes 1-27
2026-06-16 18:08:09,219 ERROR o.a.j.e.j.j.JSONPostProcessor: Error processing JSON content in Extract Token, message: json can not be null or empty
2026-06-16 18:08:09,323 INFO o.a.j.t.JMeterThread: Thread started: Usuarios Concurrentes 1-28
2026-06-16 18:08:09,432 ERROR o.a.j.e.j.j.JSONPostProcessor: Error processing JSON content in Extract Token, message: json can not be null or empty
2026-06-16 18:08:09,500 INFO o.a.j.t.JMeterThread: Thread started: Usuarios Concurrentes 1-29
2026-06-16 18:08:09,629 ERROR o.a.j.e.j.j.JSONPostProcessor: Error processing JSON content in Extract Token, message: json can not be null or empty
2026-06-16 18:08:09,746 INFO o.a.j.t.JMeterThread: Thread started: Usuarios Concurrentes 1-30
2026-06-16 18:08:09,801 ERROR o.a.j.e.j.j.JSONPostProcessor: Error processing JSON content in Extract Token, message: json can not be null or empty
2026-06-16 18:08:09,937 INFO o.a.j.t.JMeterThread: Thread started: Usuarios Concurrentes 1-31
2026-06-16 18:08:10,010 ERROR o.a.j.e.j.j.JSONPostProcessor: Error processing JSON content in Extract Token, message: json can not be null or empty
2026-06-16 18:08:10,113 INFO o.a.j.t.JMeterThread: Thread started: Usuarios Concurrentes 1-32
2026-06-16 18:08:10,229 ERROR o.a.j.e.j.j.JSONPostProcessor: Error processing JSON content in Extract Token, message: json can not be null or empty
2026-06-16 18:08:10,340 INFO o.a.j.t.JMeterThread: Thread started: Usuarios Concurrentes 1-33
2026-06-16 18:08:10,417 ERROR o.a.j.e.j.j.JSONPostProcessor: Error processing JSON content in Extract Token, message: json can not be null or empty
2026-06-16 18:08:10,501 INFO o.a.j.t.JMeterThread: Thread started: Usuarios Concurrentes 1-34
2026-06-16 18:08:10,564 ERROR o.a.j.e.j.j.JSONPostProcessor: Error processing JSON content in Extract Token, message: json can not be null or empty
2026-06-16 18:08:10,741 INFO o.a.j.t.JMeterThread: Thread started: Usuarios Concurrentes 1-35
2026-06-16 18:08:10,788 ERROR o.a.j.e.j.j.JSONPostProcessor: Error processing JSON content in Extract Token, message: json can not be null or empty
2026-06-16 18:08:10,942 INFO o.a.j.t.JMeterThread: Thread started: Usuarios Concurrentes 1-36
2026-06-16 18:08:10,980 ERROR o.a.j.e.j.j.JSONPostProcessor: Error processing JSON content in Extract Token, message: json can not be null or empty
2026-06-16 18:08:11,138 INFO o.a.j.t.JMeterThread: Thread started: Usuarios Concurrentes 1-37
2026-06-16 18:08:11,190 ERROR o.a.j.e.j.j.JSONPostProcessor: Error processing JSON content in Extract Token, message: json can not be null or empty
2026-06-16 18:08:11,338 INFO o.a.j.t.JMeterThread: Thread started: Usuarios Concurrentes 1-38
2026-06-16 18:08:11,399 ERROR o.a.j.e.j.j.JSONPostProcessor: Error processing JSON content in Extract Token, message: json can not be null or empty
2026-06-16 18:08:11,510 INFO o.a.j.t.JMeterThread: Thread started: Usuarios Concurrentes 1-39
2026-06-16 18:08:11,579 ERROR o.a.j.e.j.j.JSONPostProcessor: Error processing JSON content in Extract Token, message: json can not be null or empty
2026-06-16 18:08:11,738 INFO o.a.j.t.JMeterThread: Thread started: Usuarios Concurrentes 1-40
2026-06-16 18:08:11,825 ERROR o.a.j.e.j.j.JSONPostProcessor: Error processing JSON content in Extract Token, message: json can not be null or empty
2026-06-16 18:08:11,937 INFO o.a.j.t.JMeterThread: Thread started: Usuarios Concurrentes 1-41
2026-06-16 18:08:12,029 ERROR o.a.j.e.j.j.JSONPostProcessor: Error processing JSON content in Extract Token, message: json can not be null or empty
2026-06-16 18:08:12,122 INFO o.a.j.t.JMeterThread: Thread started: Usuarios Concurrentes 1-42
2026-06-16 18:08:12,194 ERROR o.a.j.e.j.j.JSONPostProcessor: Error processing JSON content in Extract Token, message: json can not be null or empty
2026-06-16 18:08:12,331 INFO o.a.j.t.JMeterThread: Thread started: Usuarios Concurrentes 1-43
2026-06-16 18:08:12,422 ERROR o.a.j.e.j.j.JSONPostProcessor: Error processing JSON content in Extract Token, message: json can not be null or empty
2026-06-16 18:08:12,537 INFO o.a.j.t.JMeterThread: Thread started: Usuarios Concurrentes 1-44
2026-06-16 18:08:12,584 ERROR o.a.j.e.j.j.JSONPostProcessor: Error processing JSON content in Extract Token, message: json can not be null or empty
2026-06-16 18:08:12,691 INFO o.a.j.t.JMeterThread: Thread started: Usuarios Concurrentes 1-45
2026-06-16 18:08:12,820 ERROR o.a.j.e.j.j.JSONPostProcessor: Error processing JSON content in Extract Token, message: json can not be null or empty
2026-06-16 18:08:12,880 INFO o.a.j.t.JMeterThread: Thread started: Usuarios Concurrentes 1-46
2026-06-16 18:08:13,032 ERROR o.a.j.e.j.j.JSONPostProcessor: Error processing JSON content in Extract Token, message: json can not be null or empty
2026-06-16 18:08:13,106 INFO o.a.j.t.JMeterThread: Thread started: Usuarios Concurrentes 1-47
2026-06-16 18:08:13,226 ERROR o.a.j.e.j.j.JSONPostProcessor: Error processing JSON content in Extract Token, message: json can not be null or empty
2026-06-16 18:08:13,290 INFO o.a.j.t.JMeterThread: Thread started: Usuarios Concurrentes 1-48
2026-06-16 18:08:13,413 ERROR o.a.j.e.j.j.JSONPostProcessor: Error processing JSON content in Extract Token, message: json can not be null or empty
2026-06-16 18:08:13,497 INFO o.a.j.t.JMeterThread: Thread started: Usuarios Concurrentes 1-49
2026-06-16 18:08:13,584 ERROR o.a.j.e.j.j.JSONPostProcessor: Error processing JSON content in Extract Token, message: json can not be null or empty
2026-06-16 18:08:13,736 INFO o.a.j.t.JMeterThread: Thread started: Usuarios Concurrentes 1-50
2026-06-16 18:08:13,814 ERROR o.a.j.e.j.j.JSONPostProcessor: Error processing JSON content in Extract Token, message: json can not be null or empty
2026-06-16 18:08:14,026 ERROR o.a.j.e.j.j.JSONPostProcessor: Error processing JSON content in Extract Token, message: json can not be null or empty
2026-06-16 18:08:14,211 ERROR o.a.j.e.j.j.JSONPostProcessor: Error processing JSON content in Extract Token, message: json can not be null or empty
2026-06-16 18:08:14,416 ERROR o.a.j.e.j.j.JSONPostProcessor: Error processing JSON content in Extract Token, message: json can not be null or empty
2026-06-16 18:08:14,655 ERROR o.a.j.e.j.j.JSONPostProcessor: Error processing JSON content in Extract Token, message: json can not be null or empty
2026-06-16 18:08:14,864 ERROR o.a.j.e.j.j.JSONPostProcessor: Error processing JSON content in Extract Token, message: json can not be null or empty
2026-06-16 18:08:14,961 ERROR o.a.j.e.j.j.JSONPostProcessor: Error processing JSON content in Extract Token, message: json can not be null or empty
2026-06-16 18:08:15,187 ERROR o.a.j.e.j.j.JSONPostProcessor: Error processing JSON content in Extract Token, message: json can not be null or empty
2026-06-16 18:08:15,369 ERROR o.a.j.e.j.j.JSONPostProcessor: Error processing JSON content in Extract Token, message: json can not be null or empty
2026-06-16 18:08:15,578 ERROR o.a.j.e.j.j.JSONPostProcessor: Error processing JSON content in Extract Token, message: json can not be null or empty
2026-06-16 18:08:15,818 ERROR o.a.j.e.j.j.JSONPostProcessor: Error processing JSON content in Extract Token, message: json can not be null or empty
2026-06-16 18:08:16,399 ERROR o.a.j.e.j.j.JSONPostProcessor: Error processing JSON content in Extract Token, message: json can not be null or empty
2026-06-16 18:08:16,442 ERROR o.a.j.e.j.j.JSONPostProcessor: Error processing JSON content in Extract Token, message: json can not be null or empty
2026-06-16 18:08:16,560 ERROR o.a.j.e.j.j.JSONPostProcessor: Error processing JSON content in Extract Token, message: json can not be null or empty
2026-06-16 18:08:16,705 ERROR o.a.j.e.j.j.JSONPostProcessor: Error processing JSON content in Extract Token, message: json can not be null or empty
2026-06-16 18:08:16,900 ERROR o.a.j.e.j.j.JSONPostProcessor: Error processing JSON content in Extract Token, message: json can not be null or empty
2026-06-16 18:08:17,112 ERROR o.a.j.e.j.j.JSONPostProcessor: Error processing JSON content in Extract Token, message: json can not be null or empty
2026-06-16 18:08:17,353 ERROR o.a.j.e.j.j.JSONPostProcessor: Error processing JSON content in Extract Token, message: json can not be null or empty
2026-06-16 18:08:17,580 ERROR o.a.j.e.j.j.JSONPostProcessor: Error processing JSON content in Extract Token, message: json can not be null or empty
2026-06-16 18:08:17,693 ERROR o.a.j.e.j.j.JSONPostProcessor: Error processing JSON content in Extract Token, message: json can not be null or empty
2026-06-16 18:08:17,878 ERROR o.a.j.e.j.j.JSONPostProcessor: Error processing JSON content in Extract Token, message: json can not be null or empty
2026-06-16 18:08:18,180 ERROR o.a.j.e.j.j.JSONPostProcessor: Error processing JSON content in Extract Token, message: json can not be null or empty
2026-06-16 18:08:18,283 ERROR o.a.j.e.j.j.JSONPostProcessor: Error processing JSON content in Extract Token, message: json can not be null or empty
2026-06-16 18:08:18,469 ERROR o.a.j.e.j.j.JSONPostProcessor: Error processing JSON content in Extract Token, message: json can not be null or empty
2026-06-16 18:08:18,666 ERROR o.a.j.e.j.j.JSONPostProcessor: Error processing JSON content in Extract Token, message: json can not be null or empty
2026-06-16 18:08:18,869 ERROR o.a.j.e.j.j.JSONPostProcessor: Error processing JSON content in Extract Token, message: json can not be null or empty
2026-06-16 18:08:19,087 ERROR o.a.j.e.j.j.JSONPostProcessor: Error processing JSON content in Extract Token, message: json can not be null or empty
2026-06-16 18:08:19,354 ERROR o.a.j.e.j.j.JSONPostProcessor: Error processing JSON content in Extract Token, message: json can not be null or empty
2026-06-16 18:08:19,495 ERROR o.a.j.e.j.j.JSONPostProcessor: Error processing JSON content in Extract Token, message: json can not be null or empty
2026-06-16 18:08:19,698 ERROR o.a.j.e.j.j.JSONPostProcessor: Error processing JSON content in Extract Token, message: json can not be null or empty
2026-06-16 18:08:19,878 ERROR o.a.j.e.j.j.JSONPostProcessor: Error processing JSON content in Extract Token, message: json can not be null or empty
2026-06-16 18:08:20,163 ERROR o.a.j.e.j.j.JSONPostProcessor: Error processing JSON content in Extract Token, message: json can not be null or empty
2026-06-16 18:08:20,304 ERROR o.a.j.e.j.j.JSONPostProcessor: Error processing JSON content in Extract Token, message: json can not be null or empty
2026-06-16 18:08:20,560 ERROR o.a.j.e.j.j.JSONPostProcessor: Error processing JSON content in Extract Token, message: json can not be null or empty
2026-06-16 18:08:20,657 ERROR o.a.j.e.j.j.JSONPostProcessor: Error processing JSON content in Extract Token, message: json can not be null or empty
2026-06-16 18:08:20,856 ERROR o.a.j.e.j.j.JSONPostProcessor: Error processing JSON content in Extract Token, message: json can not be null or empty
2026-06-16 18:08:21,048 ERROR o.a.j.e.j.j.JSONPostProcessor: Error processing JSON content in Extract Token, message: json can not be null or empty
2026-06-16 18:08:21,256 ERROR o.a.j.e.j.j.JSONPostProcessor: Error processing JSON content in Extract Token, message: json can not be null or empty
2026-06-16 18:08:21,464 ERROR o.a.j.e.j.j.JSONPostProcessor: Error processing JSON content in Extract Token, message: json can not be null or empty
2026-06-16 18:08:21,643 ERROR o.a.j.e.j.j.JSONPostProcessor: Error processing JSON content in Extract Token, message: json can not be null or empty
2026-06-16 18:08:21,891 ERROR o.a.j.e.j.j.JSONPostProcessor: Error processing JSON content in Extract Token, message: json can not be null or empty
2026-06-16 18:08:22,124 ERROR o.a.j.e.j.j.JSONPostProcessor: Error processing JSON content in Extract Token, message: json can not be null or empty
2026-06-16 18:08:22,251 ERROR o.a.j.e.j.j.JSONPostProcessor: Error processing JSON content in Extract Token, message: json can not be null or empty
2026-06-16 18:08:22,497 ERROR o.a.j.e.j.j.JSONPostProcessor: Error processing JSON content in Extract Token, message: json can not be null or empty
2026-06-16 18:08:22,685 ERROR o.a.j.e.j.j.JSONPostProcessor: Error processing JSON content in Extract Token, message: json can not be null or empty
2026-06-16 18:08:22,970 ERROR o.a.j.e.j.j.JSONPostProcessor: Error processing JSON content in Extract Token, message: json can not be null or empty
2026-06-16 18:08:23,087 ERROR o.a.j.e.j.j.JSONPostProcessor: Error processing JSON content in Extract Token, message: json can not be null or empty
2026-06-16 18:08:23,293 ERROR o.a.j.e.j.j.JSONPostProcessor: Error processing JSON content in Extract Token, message: json can not be null or empty
2026-06-16 18:08:23,477 ERROR o.a.j.e.j.j.JSONPostProcessor: Error processing JSON content in Extract Token, message: json can not be null or empty
2026-06-16 18:08:23,614 ERROR o.a.j.e.j.j.JSONPostProcessor: Error processing JSON content in Extract Token, message: json can not be null or empty
2026-06-16 18:08:23,839 ERROR o.a.j.e.j.j.JSONPostProcessor: Error processing JSON content in Extract Token, message: json can not be null or empty
2026-06-16 18:08:24,054 ERROR o.a.j.e.j.j.JSONPostProcessor: Error processing JSON content in Extract Token, message: json can not be null or empty
2026-06-16 18:08:24,236 ERROR o.a.j.e.j.j.JSONPostProcessor: Error processing JSON content in Extract Token, message: json can not be null or empty
2026-06-16 18:08:24,443 ERROR o.a.j.e.j.j.JSONPostProcessor: Error processing JSON content in Extract Token, message: json can not be null or empty
2026-06-16 18:08:24,679 ERROR o.a.j.e.j.j.JSONPostProcessor: Error processing JSON content in Extract Token, message: json can not be null or empty
2026-06-16 18:08:24,883 ERROR o.a.j.e.j.j.JSONPostProcessor: Error processing JSON content in Extract Token, message: json can not be null or empty
2026-06-16 18:08:24,985 ERROR o.a.j.e.j.j.JSONPostProcessor: Error processing JSON content in Extract Token, message: json can not be null or empty
2026-06-16 18:08:25,213 ERROR o.a.j.e.j.j.JSONPostProcessor: Error processing JSON content in Extract Token, message: json can not be null or empty
2026-06-16 18:08:25,395 ERROR o.a.j.e.j.j.JSONPostProcessor: Error processing JSON content in Extract Token, message: json can not be null or empty
2026-06-16 18:08:25,599 ERROR o.a.j.e.j.j.JSONPostProcessor: Error processing JSON content in Extract Token, message: json can not be null or empty
2026-06-16 18:08:25,844 ERROR o.a.j.e.j.j.JSONPostProcessor: Error processing JSON content in Extract Token, message: json can not be null or empty
2026-06-16 18:08:26,427 ERROR o.a.j.e.j.j.JSONPostProcessor: Error processing JSON content in Extract Token, message: json can not be null or empty
2026-06-16 18:08:26,468 ERROR o.a.j.e.j.j.JSONPostProcessor: Error processing JSON content in Extract Token, message: json can not be null or empty
2026-06-16 18:08:26,581 ERROR o.a.j.e.j.j.JSONPostProcessor: Error processing JSON content in Extract Token, message: json can not be null or empty
2026-06-16 18:08:26,775 ERROR o.a.j.e.j.j.JSONPostProcessor: Error processing JSON content in Extract Token, message: json can not be null or empty
2026-06-16 18:08:26,921 ERROR o.a.j.e.j.j.JSONPostProcessor: Error processing JSON content in Extract Token, message: json can not be null or empty
2026-06-16 18:08:27,133 ERROR o.a.j.e.j.j.JSONPostProcessor: Error processing JSON content in Extract Token, message: json can not be null or empty
2026-06-16 18:08:27,371 ERROR o.a.j.e.j.j.JSONPostProcessor: Error processing JSON content in Extract Token, message: json can not be null or empty
2026-06-16 18:08:27,603 ERROR o.a.j.e.j.j.JSONPostProcessor: Error processing JSON content in Extract Token, message: json can not be null or empty
2026-06-16 18:08:27,783 ERROR o.a.j.e.j.j.JSONPostProcessor: Error processing JSON content in Extract Token, message: json can not be null or empty
2026-06-16 18:08:27,896 ERROR o.a.j.e.j.j.JSONPostProcessor: Error processing JSON content in Extract Token, message: json can not be null or empty
2026-06-16 18:08:28,202 ERROR o.a.j.e.j.j.JSONPostProcessor: Error processing JSON content in Extract Token, message: json can not be null or empty
2026-06-16 18:08:28,386 ERROR o.a.j.e.j.j.JSONPostProcessor: Error processing JSON content in Extract Token, message: json can not be null or empty
2026-06-16 18:08:28,493 ERROR o.a.j.e.j.j.JSONPostProcessor: Error processing JSON content in Extract Token, message: json can not be null or empty
2026-06-16 18:08:28,688 ERROR o.a.j.e.j.j.JSONPostProcessor: Error processing JSON content in Extract Token, message: json can not be null or empty
2026-06-16 18:08:28,893 ERROR o.a.j.e.j.j.JSONPostProcessor: Error processing JSON content in Extract Token, message: json can not be null or empty
2026-06-16 18:08:29,137 ERROR o.a.j.e.j.j.JSONPostProcessor: Error processing JSON content in Extract Token, message: json can not be null or empty
2026-06-16 18:08:29,377 ERROR o.a.j.e.j.j.JSONPostProcessor: Error processing JSON content in Extract Token, message: json can not be null or empty
2026-06-16 18:08:29,586 ERROR o.a.j.e.j.j.JSONPostProcessor: Error processing JSON content in Extract Token, message: json can not be null or empty
2026-06-16 18:08:29,720 ERROR o.a.j.e.j.j.JSONPostProcessor: Error processing JSON content in Extract Token, message: json can not be null or empty
2026-06-16 18:08:29,898 ERROR o.a.j.e.j.j.JSONPostProcessor: Error processing JSON content in Extract Token, message: json can not be null or empty
2026-06-16 18:08:30,070 INFO o.a.j.r.Summariser: summary +    501 in 00:00:26 =   19.1/s Avg:    17 Min:     1 Max:   175 Err:   362 (72.26%) Active: 50 Started: 50 Finished: 0
2026-06-16 18:08:30,249 ERROR o.a.j.e.j.j.JSONPostProcessor: Error processing JSON content in Extract Token, message: json can not be null or empty
2026-06-16 18:08:30,329 ERROR o.a.j.e.j.j.JSONPostProcessor: Error processing JSON content in Extract Token, message: json can not be null or empty
2026-06-16 18:08:30,584 ERROR o.a.j.e.j.j.JSONPostProcessor: Error processing JSON content in Extract Token, message: json can not be null or empty
2026-06-16 18:08:30,682 ERROR o.a.j.e.j.j.JSONPostProcessor: Error processing JSON content in Extract Token, message: json can not be null or empty
2026-06-16 18:08:30,878 ERROR o.a.j.e.j.j.JSONPostProcessor: Error processing JSON content in Extract Token, message: json can not be null or empty
2026-06-16 18:08:31,072 ERROR o.a.j.e.j.j.JSONPostProcessor: Error processing JSON content in Extract Token, message: json can not be null or empty
2026-06-16 18:08:31,280 ERROR o.a.j.e.j.j.JSONPostProcessor: Error processing JSON content in Extract Token, message: json can not be null or empty
2026-06-16 18:08:31,487 ERROR o.a.j.e.j.j.JSONPostProcessor: Error processing JSON content in Extract Token, message: json can not be null or empty
2026-06-16 18:08:31,665 ERROR o.a.j.e.j.j.JSONPostProcessor: Error processing JSON content in Extract Token, message: json can not be null or empty
2026-06-16 18:08:31,910 ERROR o.a.j.e.j.j.JSONPostProcessor: Error processing JSON content in Extract Token, message: json can not be null or empty
2026-06-16 18:08:32,181 ERROR o.a.j.e.j.j.JSONPostProcessor: Error processing JSON content in Extract Token, message: json can not be null or empty
2026-06-16 18:08:32,273 ERROR o.a.j.e.j.j.JSONPostProcessor: Error processing JSON content in Extract Token, message: json can not be null or empty
2026-06-16 18:08:32,519 ERROR o.a.j.e.j.j.JSONPostProcessor: Error processing JSON content in Extract Token, message: json can not be null or empty
2026-06-16 18:08:32,743 ERROR o.a.j.e.j.j.JSONPostProcessor: Error processing JSON content in Extract Token, message: json can not be null or empty
2026-06-16 18:08:32,993 ERROR o.a.j.e.j.j.JSONPostProcessor: Error processing JSON content in Extract Token, message: json can not be null or empty
2026-06-16 18:08:33,181 ERROR o.a.j.e.j.j.JSONPostProcessor: Error processing JSON content in Extract Token, message: json can not be null or empty
2026-06-16 18:08:33,343 ERROR o.a.j.e.j.j.JSONPostProcessor: Error processing JSON content in Extract Token, message: json can not be null or empty
2026-06-16 18:08:33,497 ERROR o.a.j.e.j.j.JSONPostProcessor: Error processing JSON content in Extract Token, message: json can not be null or empty
2026-06-16 18:08:33,634 ERROR o.a.j.e.j.j.JSONPostProcessor: Error processing JSON content in Extract Token, message: json can not be null or empty
2026-06-16 18:08:33,860 ERROR o.a.j.e.j.j.JSONPostProcessor: Error processing JSON content in Extract Token, message: json can not be null or empty
2026-06-16 18:08:34,080 ERROR o.a.j.e.j.j.JSONPostProcessor: Error processing JSON content in Extract Token, message: json can not be null or empty
2026-06-16 18:08:34,258 ERROR o.a.j.e.j.j.JSONPostProcessor: Error processing JSON content in Extract Token, message: json can not be null or empty
2026-06-16 18:08:34,464 ERROR o.a.j.e.j.j.JSONPostProcessor: Error processing JSON content in Extract Token, message: json can not be null or empty
2026-06-16 18:08:34,702 ERROR o.a.j.e.j.j.JSONPostProcessor: Error processing JSON content in Extract Token, message: json can not be null or empty
2026-06-16 18:08:34,905 ERROR o.a.j.e.j.j.JSONPostProcessor: Error processing JSON content in Extract Token, message: json can not be null or empty
2026-06-16 18:08:35,004 ERROR o.a.j.e.j.j.JSONPostProcessor: Error processing JSON content in Extract Token, message: json can not be null or empty
2026-06-16 18:08:35,234 ERROR o.a.j.e.j.j.JSONPostProcessor: Error processing JSON content in Extract Token, message: json can not be null or empty
2026-06-16 18:08:35,415 ERROR o.a.j.e.j.j.JSONPostProcessor: Error processing JSON content in Extract Token, message: json can not be null or empty
2026-06-16 18:08:35,618 ERROR o.a.j.e.j.j.JSONPostProcessor: Error processing JSON content in Extract Token, message: json can not be null or empty
2026-06-16 18:08:35,864 ERROR o.a.j.e.j.j.JSONPostProcessor: Error processing JSON content in Extract Token, message: json can not be null or empty
2026-06-16 18:08:36,449 ERROR o.a.j.e.j.j.JSONPostProcessor: Error processing JSON content in Extract Token, message: json can not be null or empty
2026-06-16 18:08:36,487 ERROR o.a.j.e.j.j.JSONPostProcessor: Error processing JSON content in Extract Token, message: json can not be null or empty
2026-06-16 18:08:36,600 ERROR o.a.j.e.j.j.JSONPostProcessor: Error processing JSON content in Extract Token, message: json can not be null or empty
2026-06-16 18:08:36,796 ERROR o.a.j.e.j.j.JSONPostProcessor: Error processing JSON content in Extract Token, message: json can not be null or empty
2026-06-16 18:08:36,943 ERROR o.a.j.e.j.j.JSONPostProcessor: Error processing JSON content in Extract Token, message: json can not be null or empty
2026-06-16 18:08:37,154 ERROR o.a.j.e.j.j.JSONPostProcessor: Error processing JSON content in Extract Token, message: json can not be null or empty
2026-06-16 18:08:37,401 ERROR o.a.j.e.j.j.JSONPostProcessor: Error processing JSON content in Extract Token, message: json can not be null or empty
2026-06-16 18:08:37,622 ERROR o.a.j.e.j.j.JSONPostProcessor: Error processing JSON content in Extract Token, message: json can not be null or empty
2026-06-16 18:08:37,803 ERROR o.a.j.e.j.j.JSONPostProcessor: Error processing JSON content in Extract Token, message: json can not be null or empty
2026-06-16 18:08:37,982 ERROR o.a.j.e.j.j.JSONPostProcessor: Error processing JSON content in Extract Token, message: json can not be null or empty
2026-06-16 18:08:38,222 ERROR o.a.j.e.j.j.JSONPostProcessor: Error processing JSON content in Extract Token, message: json can not be null or empty
2026-06-16 18:08:38,410 ERROR o.a.j.e.j.j.JSONPostProcessor: Error processing JSON content in Extract Token, message: json can not be null or empty
2026-06-16 18:08:38,514 ERROR o.a.j.e.j.j.JSONPostProcessor: Error processing JSON content in Extract Token, message: json can not be null or empty
2026-06-16 18:08:38,740 ERROR o.a.j.e.j.j.JSONPostProcessor: Error processing JSON content in Extract Token, message: json can not be null or empty
2026-06-16 18:08:38,914 ERROR o.a.j.e.j.j.JSONPostProcessor: Error processing JSON content in Extract Token, message: json can not be null or empty
2026-06-16 18:08:39,228 ERROR o.a.j.e.j.j.JSONPostProcessor: Error processing JSON content in Extract Token, message: json can not be null or empty
2026-06-16 18:08:39,405 ERROR o.a.j.e.j.j.JSONPostProcessor: Error processing JSON content in Extract Token, message: json can not be null or empty
2026-06-16 18:08:39,605 ERROR o.a.j.e.j.j.JSONPostProcessor: Error processing JSON content in Extract Token, message: json can not be null or empty
2026-06-16 18:08:39,809 ERROR o.a.j.e.j.j.JSONPostProcessor: Error processing JSON content in Extract Token, message: json can not be null or empty
2026-06-16 18:08:39,949 ERROR o.a.j.e.j.j.JSONPostProcessor: Error processing JSON content in Extract Token, message: json can not be null or empty
2026-06-16 18:08:40,269 ERROR o.a.j.e.j.j.JSONPostProcessor: Error processing JSON content in Extract Token, message: json can not be null or empty
2026-06-16 18:08:40,421 ERROR o.a.j.e.j.j.JSONPostProcessor: Error processing JSON content in Extract Token, message: json can not be null or empty
2026-06-16 18:08:40,604 ERROR o.a.j.e.j.j.JSONPostProcessor: Error processing JSON content in Extract Token, message: json can not be null or empty
2026-06-16 18:08:40,705 ERROR o.a.j.e.j.j.JSONPostProcessor: Error processing JSON content in Extract Token, message: json can not be null or empty
2026-06-16 18:08:40,968 ERROR o.a.j.e.j.j.JSONPostProcessor: Error processing JSON content in Extract Token, message: json can not be null or empty
2026-06-16 18:08:41,097 ERROR o.a.j.e.j.j.JSONPostProcessor: Error processing JSON content in Extract Token, message: json can not be null or empty
2026-06-16 18:08:41,301 ERROR o.a.j.e.j.j.JSONPostProcessor: Error processing JSON content in Extract Token, message: json can not be null or empty
2026-06-16 18:08:41,579 ERROR o.a.j.e.j.j.JSONPostProcessor: Error processing JSON content in Extract Token, message: json can not be null or empty
2026-06-16 18:08:41,687 ERROR o.a.j.e.j.j.JSONPostProcessor: Error processing JSON content in Extract Token, message: json can not be null or empty
2026-06-16 18:08:41,928 ERROR o.a.j.e.j.j.JSONPostProcessor: Error processing JSON content in Extract Token, message: json can not be null or empty
2026-06-16 18:08:42,271 ERROR o.a.j.e.j.j.JSONPostProcessor: Error processing JSON content in Extract Token, message: json can not be null or empty
2026-06-16 18:08:42,297 ERROR o.a.j.e.j.j.JSONPostProcessor: Error processing JSON content in Extract Token, message: json can not be null or empty
2026-06-16 18:08:42,538 ERROR o.a.j.e.j.j.JSONPostProcessor: Error processing JSON content in Extract Token, message: json can not be null or empty
2026-06-16 18:08:42,761 ERROR o.a.j.e.j.j.JSONPostProcessor: Error processing JSON content in Extract Token, message: json can not be null or empty
2026-06-16 18:08:43,016 ERROR o.a.j.e.j.j.JSONPostProcessor: Error processing JSON content in Extract Token, message: json can not be null or empty
2026-06-16 18:08:43,202 ERROR o.a.j.e.j.j.JSONPostProcessor: Error processing JSON content in Extract Token, message: json can not be null or empty
2026-06-16 18:08:43,367 ERROR o.a.j.e.j.j.JSONPostProcessor: Error processing JSON content in Extract Token, message: json can not be null or empty
2026-06-16 18:08:43,514 ERROR o.a.j.e.j.j.JSONPostProcessor: Error processing JSON content in Extract Token, message: json can not be null or empty
2026-06-16 18:08:43,653 ERROR o.a.j.e.j.j.JSONPostProcessor: Error processing JSON content in Extract Token, message: json can not be null or empty
2026-06-16 18:08:43,880 ERROR o.a.j.e.j.j.JSONPostProcessor: Error processing JSON content in Extract Token, message: json can not be null or empty
2026-06-16 18:08:44,165 ERROR o.a.j.e.j.j.JSONPostProcessor: Error processing JSON content in Extract Token, message: json can not be null or empty
2026-06-16 18:08:44,279 ERROR o.a.j.e.j.j.JSONPostProcessor: Error processing JSON content in Extract Token, message: json can not be null or empty
2026-06-16 18:08:44,551 ERROR o.a.j.e.j.j.JSONPostProcessor: Error processing JSON content in Extract Token, message: json can not be null or empty
2026-06-16 18:08:44,751 ERROR o.a.j.e.j.j.JSONPostProcessor: Error processing JSON content in Extract Token, message: json can not be null or empty
2026-06-16 18:08:44,926 ERROR o.a.j.e.j.j.JSONPostProcessor: Error processing JSON content in Extract Token, message: json can not be null or empty
2026-06-16 18:08:45,021 ERROR o.a.j.e.j.j.JSONPostProcessor: Error processing JSON content in Extract Token, message: json can not be null or empty
2026-06-16 18:08:45,251 ERROR o.a.j.e.j.j.JSONPostProcessor: Error processing JSON content in Extract Token, message: json can not be null or empty
2026-06-16 18:08:45,433 ERROR o.a.j.e.j.j.JSONPostProcessor: Error processing JSON content in Extract Token, message: json can not be null or empty
2026-06-16 18:08:45,638 ERROR o.a.j.e.j.j.JSONPostProcessor: Error processing JSON content in Extract Token, message: json can not be null or empty
2026-06-16 18:08:45,884 ERROR o.a.j.e.j.j.JSONPostProcessor: Error processing JSON content in Extract Token, message: json can not be null or empty
2026-06-16 18:08:46,469 ERROR o.a.j.e.j.j.JSONPostProcessor: Error processing JSON content in Extract Token, message: json can not be null or empty
2026-06-16 18:08:46,534 ERROR o.a.j.e.j.j.JSONPostProcessor: Error processing JSON content in Extract Token, message: json can not be null or empty
2026-06-16 18:08:46,619 ERROR o.a.j.e.j.j.JSONPostProcessor: Error processing JSON content in Extract Token, message: json can not be null or empty
2026-06-16 18:08:46,817 ERROR o.a.j.e.j.j.JSONPostProcessor: Error processing JSON content in Extract Token, message: json can not be null or empty
2026-06-16 18:08:46,961 ERROR o.a.j.e.j.j.JSONPostProcessor: Error processing JSON content in Extract Token, message: json can not be null or empty
2026-06-16 18:08:47,175 ERROR o.a.j.e.j.j.JSONPostProcessor: Error processing JSON content in Extract Token, message: json can not be null or empty
2026-06-16 18:08:47,424 ERROR o.a.j.e.j.j.JSONPostProcessor: Error processing JSON content in Extract Token, message: json can not be null or empty
2026-06-16 18:08:47,641 ERROR o.a.j.e.j.j.JSONPostProcessor: Error processing JSON content in Extract Token, message: json can not be null or empty
2026-06-16 18:08:47,823 ERROR o.a.j.e.j.j.JSONPostProcessor: Error processing JSON content in Extract Token, message: json can not be null or empty
2026-06-16 18:08:48,002 ERROR o.a.j.e.j.j.JSONPostProcessor: Error processing JSON content in Extract Token, message: json can not be null or empty
2026-06-16 18:08:48,246 ERROR o.a.j.e.j.j.JSONPostProcessor: Error processing JSON content in Extract Token, message: json can not be null or empty
2026-06-16 18:08:48,433 ERROR o.a.j.e.j.j.JSONPostProcessor: Error processing JSON content in Extract Token, message: json can not be null or empty
2026-06-16 18:08:48,534 ERROR o.a.j.e.j.j.JSONPostProcessor: Error processing JSON content in Extract Token, message: json can not be null or empty
2026-06-16 18:08:48,758 ERROR o.a.j.e.j.j.JSONPostProcessor: Error processing JSON content in Extract Token, message: json can not be null or empty
2026-06-16 18:08:48,934 ERROR o.a.j.e.j.j.JSONPostProcessor: Error processing JSON content in Extract Token, message: json can not be null or empty
2026-06-16 18:08:49,249 ERROR o.a.j.e.j.j.JSONPostProcessor: Error processing JSON content in Extract Token, message: json can not be null or empty
2026-06-16 18:08:49,429 ERROR o.a.j.e.j.j.JSONPostProcessor: Error processing JSON content in Extract Token, message: json can not be null or empty
2026-06-16 18:08:49,626 ERROR o.a.j.e.j.j.JSONPostProcessor: Error processing JSON content in Extract Token, message: json can not be null or empty
2026-06-16 18:08:49,828 ERROR o.a.j.e.j.j.JSONPostProcessor: Error processing JSON content in Extract Token, message: json can not be null or empty
2026-06-16 18:08:49,970 ERROR o.a.j.e.j.j.JSONPostProcessor: Error processing JSON content in Extract Token, message: json can not be null or empty
2026-06-16 18:08:50,290 ERROR o.a.j.e.j.j.JSONPostProcessor: Error processing JSON content in Extract Token, message: json can not be null or empty
2026-06-16 18:08:50,441 ERROR o.a.j.e.j.j.JSONPostProcessor: Error processing JSON content in Extract Token, message: json can not be null or empty
2026-06-16 18:08:50,625 ERROR o.a.j.e.j.j.JSONPostProcessor: Error processing JSON content in Extract Token, message: json can not be null or empty
2026-06-16 18:08:50,757 ERROR o.a.j.e.j.j.JSONPostProcessor: Error processing JSON content in Extract Token, message: json can not be null or empty
2026-06-16 18:08:50,986 ERROR o.a.j.e.j.j.JSONPostProcessor: Error processing JSON content in Extract Token, message: json can not be null or empty
2026-06-16 18:08:51,183 ERROR o.a.j.e.j.j.JSONPostProcessor: Error processing JSON content in Extract Token, message: json can not be null or empty
2026-06-16 18:08:51,346 ERROR o.a.j.e.j.j.JSONPostProcessor: Error processing JSON content in Extract Token, message: json can not be null or empty
2026-06-16 18:08:51,599 ERROR o.a.j.e.j.j.JSONPostProcessor: Error processing JSON content in Extract Token, message: json can not be null or empty
2026-06-16 18:08:51,776 ERROR o.a.j.e.j.j.JSONPostProcessor: Error processing JSON content in Extract Token, message: json can not be null or empty
2026-06-16 18:08:51,978 ERROR o.a.j.e.j.j.JSONPostProcessor: Error processing JSON content in Extract Token, message: json can not be null or empty
2026-06-16 18:08:52,318 ERROR o.a.j.e.j.j.JSONPostProcessor: Error processing JSON content in Extract Token, message: json can not be null or empty
2026-06-16 18:08:52,366 ERROR o.a.j.e.j.j.JSONPostProcessor: Error processing JSON content in Extract Token, message: json can not be null or empty
2026-06-16 18:08:52,554 ERROR o.a.j.e.j.j.JSONPostProcessor: Error processing JSON content in Extract Token, message: json can not be null or empty
2026-06-16 18:08:52,776 ERROR o.a.j.e.j.j.JSONPostProcessor: Error processing JSON content in Extract Token, message: json can not be null or empty
2026-06-16 18:08:53,035 ERROR o.a.j.e.j.j.JSONPostProcessor: Error processing JSON content in Extract Token, message: json can not be null or empty
2026-06-16 18:08:53,222 ERROR o.a.j.e.j.j.JSONPostProcessor: Error processing JSON content in Extract Token, message: json can not be null or empty
2026-06-16 18:08:53,392 ERROR o.a.j.e.j.j.JSONPostProcessor: Error processing JSON content in Extract Token, message: json can not be null or empty
2026-06-16 18:08:53,602 ERROR o.a.j.e.j.j.JSONPostProcessor: Error processing JSON content in Extract Token, message: json can not be null or empty
2026-06-16 18:08:53,671 ERROR o.a.j.e.j.j.JSONPostProcessor: Error processing JSON content in Extract Token, message: json can not be null or empty
2026-06-16 18:08:53,901 ERROR o.a.j.e.j.j.JSONPostProcessor: Error processing JSON content in Extract Token, message: json can not be null or empty
2026-06-16 18:08:54,267 ERROR o.a.j.e.j.j.JSONPostProcessor: Error processing JSON content in Extract Token, message: json can not be null or empty
2026-06-16 18:08:54,299 ERROR o.a.j.e.j.j.JSONPostProcessor: Error processing JSON content in Extract Token, message: json can not be null or empty
2026-06-16 18:08:54,487 INFO o.a.j.t.JMeterThread: Thread is done: Usuarios Concurrentes 1-2
2026-06-16 18:08:54,487 INFO o.a.j.t.JMeterThread: Thread finished: Usuarios Concurrentes 1-2
2026-06-16 18:08:54,548 INFO o.a.j.t.JMeterThread: Thread is done: Usuarios Concurrentes 1-1
2026-06-16 18:08:54,548 INFO o.a.j.t.JMeterThread: Thread finished: Usuarios Concurrentes 1-1
2026-06-16 18:08:54,567 ERROR o.a.j.e.j.j.JSONPostProcessor: Error processing JSON content in Extract Token, message: json can not be null or empty
2026-06-16 18:08:54,633 INFO o.a.j.t.JMeterThread: Thread is done: Usuarios Concurrentes 1-3
2026-06-16 18:08:54,633 INFO o.a.j.t.JMeterThread: Thread finished: Usuarios Concurrentes 1-3
2026-06-16 18:08:54,769 ERROR o.a.j.e.j.j.JSONPostProcessor: Error processing JSON content in Extract Token, message: json can not be null or empty
2026-06-16 18:08:54,835 INFO o.a.j.t.JMeterThread: Thread is done: Usuarios Concurrentes 1-4
2026-06-16 18:08:54,835 INFO o.a.j.t.JMeterThread: Thread finished: Usuarios Concurrentes 1-4
2026-06-16 18:08:54,974 INFO o.a.j.t.JMeterThread: Thread is done: Usuarios Concurrentes 1-5
2026-06-16 18:08:54,974 ERROR o.a.j.e.j.j.JSONPostProcessor: Error processing JSON content in Extract Token, message: json can not be null or empty
2026-06-16 18:08:54,974 INFO o.a.j.t.JMeterThread: Thread finished: Usuarios Concurrentes 1-5
2026-06-16 18:08:55,040 ERROR o.a.j.e.j.j.JSONPostProcessor: Error processing JSON content in Extract Token, message: json can not be null or empty
2026-06-16 18:08:55,190 INFO o.a.j.t.JMeterThread: Thread is done: Usuarios Concurrentes 1-6
2026-06-16 18:08:55,190 INFO o.a.j.t.JMeterThread: Thread finished: Usuarios Concurrentes 1-6
2026-06-16 18:08:55,267 ERROR o.a.j.e.j.j.JSONPostProcessor: Error processing JSON content in Extract Token, message: json can not be null or empty
2026-06-16 18:08:55,451 ERROR o.a.j.e.j.j.JSONPostProcessor: Error processing JSON content in Extract Token, message: json can not be null or empty
2026-06-16 18:08:55,467 INFO o.a.j.t.JMeterThread: Thread is done: Usuarios Concurrentes 1-7
2026-06-16 18:08:55,467 INFO o.a.j.t.JMeterThread: Thread finished: Usuarios Concurrentes 1-7
2026-06-16 18:08:55,658 INFO o.a.j.t.JMeterThread: Thread is done: Usuarios Concurrentes 1-8
2026-06-16 18:08:55,658 ERROR o.a.j.e.j.j.JSONPostProcessor: Error processing JSON content in Extract Token, message: json can not be null or empty
2026-06-16 18:08:55,658 INFO o.a.j.t.JMeterThread: Thread finished: Usuarios Concurrentes 1-8
2026-06-16 18:08:55,841 INFO o.a.j.t.JMeterThread: Thread is done: Usuarios Concurrentes 1-9
2026-06-16 18:08:55,841 INFO o.a.j.t.JMeterThread: Thread finished: Usuarios Concurrentes 1-9
2026-06-16 18:08:55,907 ERROR o.a.j.e.j.j.JSONPostProcessor: Error processing JSON content in Extract Token, message: json can not be null or empty
2026-06-16 18:08:56,017 INFO o.a.j.t.JMeterThread: Thread is done: Usuarios Concurrentes 1-10
2026-06-16 18:08:56,018 INFO o.a.j.t.JMeterThread: Thread finished: Usuarios Concurrentes 1-10
2026-06-16 18:08:56,261 INFO o.a.j.t.JMeterThread: Thread is done: Usuarios Concurrentes 1-11
2026-06-16 18:08:56,261 INFO o.a.j.t.JMeterThread: Thread finished: Usuarios Concurrentes 1-11
2026-06-16 18:08:56,447 INFO o.a.j.t.JMeterThread: Thread is done: Usuarios Concurrentes 1-12
2026-06-16 18:08:56,447 INFO o.a.j.t.JMeterThread: Thread finished: Usuarios Concurrentes 1-12
2026-06-16 18:08:56,574 INFO o.a.j.t.JMeterThread: Thread is done: Usuarios Concurrentes 1-13
2026-06-16 18:08:56,574 INFO o.a.j.t.JMeterThread: Thread finished: Usuarios Concurrentes 1-13
2026-06-16 18:08:56,773 INFO o.a.j.t.JMeterThread: Thread is done: Usuarios Concurrentes 1-14
2026-06-16 18:08:56,773 INFO o.a.j.t.JMeterThread: Thread finished: Usuarios Concurrentes 1-14
2026-06-16 18:08:56,953 INFO o.a.j.t.JMeterThread: Thread is done: Usuarios Concurrentes 1-15
2026-06-16 18:08:56,953 INFO o.a.j.t.JMeterThread: Thread finished: Usuarios Concurrentes 1-15
2026-06-16 18:08:57,265 INFO o.a.j.t.JMeterThread: Thread is done: Usuarios Concurrentes 1-16
2026-06-16 18:08:57,265 INFO o.a.j.t.JMeterThread: Thread finished: Usuarios Concurrentes 1-16
2026-06-16 18:08:57,444 INFO o.a.j.t.JMeterThread: Thread is done: Usuarios Concurrentes 1-17
2026-06-16 18:08:57,445 INFO o.a.j.t.JMeterThread: Thread finished: Usuarios Concurrentes 1-17
2026-06-16 18:08:57,640 INFO o.a.j.t.JMeterThread: Thread is done: Usuarios Concurrentes 1-18
2026-06-16 18:08:57,640 INFO o.a.j.t.JMeterThread: Thread finished: Usuarios Concurrentes 1-18
2026-06-16 18:08:57,845 INFO o.a.j.t.JMeterThread: Thread is done: Usuarios Concurrentes 1-19
2026-06-16 18:08:57,845 INFO o.a.j.t.JMeterThread: Thread finished: Usuarios Concurrentes 1-19
2026-06-16 18:08:57,987 INFO o.a.j.t.JMeterThread: Thread is done: Usuarios Concurrentes 1-20
2026-06-16 18:08:57,987 INFO o.a.j.t.JMeterThread: Thread finished: Usuarios Concurrentes 1-20
2026-06-16 18:08:58,306 INFO o.a.j.t.JMeterThread: Thread is done: Usuarios Concurrentes 1-21
2026-06-16 18:08:58,307 INFO o.a.j.t.JMeterThread: Thread finished: Usuarios Concurrentes 1-21
2026-06-16 18:08:58,458 INFO o.a.j.t.JMeterThread: Thread is done: Usuarios Concurrentes 1-22
2026-06-16 18:08:58,458 INFO o.a.j.t.JMeterThread: Thread finished: Usuarios Concurrentes 1-22
2026-06-16 18:08:58,640 INFO o.a.j.t.JMeterThread: Thread is done: Usuarios Concurrentes 1-23
2026-06-16 18:08:58,641 INFO o.a.j.t.JMeterThread: Thread finished: Usuarios Concurrentes 1-23
2026-06-16 18:08:58,776 INFO o.a.j.t.JMeterThread: Thread is done: Usuarios Concurrentes 1-24
2026-06-16 18:08:58,776 INFO o.a.j.t.JMeterThread: Thread finished: Usuarios Concurrentes 1-24
2026-06-16 18:08:59,014 INFO o.a.j.t.JMeterThread: Thread is done: Usuarios Concurrentes 1-25
2026-06-16 18:08:59,014 INFO o.a.j.t.JMeterThread: Thread finished: Usuarios Concurrentes 1-25
2026-06-16 18:08:59,198 INFO o.a.j.t.JMeterThread: Thread is done: Usuarios Concurrentes 1-26
2026-06-16 18:08:59,198 INFO o.a.j.t.JMeterThread: Thread finished: Usuarios Concurrentes 1-26
2026-06-16 18:08:59,364 INFO o.a.j.t.JMeterThread: Thread is done: Usuarios Concurrentes 1-27
2026-06-16 18:08:59,364 INFO o.a.j.t.JMeterThread: Thread finished: Usuarios Concurrentes 1-27
2026-06-16 18:08:59,617 INFO o.a.j.t.JMeterThread: Thread is done: Usuarios Concurrentes 1-28
2026-06-16 18:08:59,617 INFO o.a.j.t.JMeterThread: Thread finished: Usuarios Concurrentes 1-28
2026-06-16 18:08:59,791 INFO o.a.j.t.JMeterThread: Thread is done: Usuarios Concurrentes 1-29
2026-06-16 18:08:59,791 INFO o.a.j.t.JMeterThread: Thread finished: Usuarios Concurrentes 1-29
2026-06-16 18:08:59,992 INFO o.a.j.t.JMeterThread: Thread is done: Usuarios Concurrentes 1-30
2026-06-16 18:08:59,992 INFO o.a.j.t.JMeterThread: Thread finished: Usuarios Concurrentes 1-30
2026-06-16 18:09:00,279 INFO o.a.j.r.Summariser: summary +    720 in 00:00:30 =   23.8/s Avg:     5 Min:     1 Max:    80 Err:   670 (93.06%) Active: 20 Started: 50 Finished: 30
2026-06-16 18:09:00,279 INFO o.a.j.r.Summariser: summary =   1221 in 00:00:56 =   21.6/s Avg:    10 Min:     1 Max:   175 Err:  1032 (84.52%)
2026-06-16 18:09:00,333 INFO o.a.j.t.JMeterThread: Thread is done: Usuarios Concurrentes 1-32
2026-06-16 18:09:00,333 INFO o.a.j.t.JMeterThread: Thread finished: Usuarios Concurrentes 1-32
2026-06-16 18:09:00,385 INFO o.a.j.t.JMeterThread: Thread is done: Usuarios Concurrentes 1-31
2026-06-16 18:09:00,385 INFO o.a.j.t.JMeterThread: Thread finished: Usuarios Concurrentes 1-31
2026-06-16 18:09:00,573 INFO o.a.j.t.JMeterThread: Thread is done: Usuarios Concurrentes 1-33
2026-06-16 18:09:00,574 INFO o.a.j.t.JMeterThread: Thread finished: Usuarios Concurrentes 1-33
2026-06-16 18:09:00,788 INFO o.a.j.t.JMeterThread: Thread is done: Usuarios Concurrentes 1-34
2026-06-16 18:09:00,788 INFO o.a.j.t.JMeterThread: Thread finished: Usuarios Concurrentes 1-34
2026-06-16 18:09:01,050 INFO o.a.j.t.JMeterThread: Thread is done: Usuarios Concurrentes 1-35
2026-06-16 18:09:01,050 INFO o.a.j.t.JMeterThread: Thread finished: Usuarios Concurrentes 1-35
2026-06-16 18:09:01,240 INFO o.a.j.t.JMeterThread: Thread is done: Usuarios Concurrentes 1-36
2026-06-16 18:09:01,240 INFO o.a.j.t.JMeterThread: Thread finished: Usuarios Concurrentes 1-36
2026-06-16 18:09:01,405 INFO o.a.j.t.JMeterThread: Thread is done: Usuarios Concurrentes 1-37
2026-06-16 18:09:01,405 INFO o.a.j.t.JMeterThread: Thread finished: Usuarios Concurrentes 1-37
2026-06-16 18:09:01,618 INFO o.a.j.t.JMeterThread: Thread is done: Usuarios Concurrentes 1-38
2026-06-16 18:09:01,618 INFO o.a.j.t.JMeterThread: Thread finished: Usuarios Concurrentes 1-38
2026-06-16 18:09:01,688 INFO o.a.j.t.JMeterThread: Thread is done: Usuarios Concurrentes 1-39
2026-06-16 18:09:01,688 INFO o.a.j.t.JMeterThread: Thread finished: Usuarios Concurrentes 1-39
2026-06-16 18:09:01,966 INFO o.a.j.t.JMeterThread: Thread is done: Usuarios Concurrentes 1-40
2026-06-16 18:09:01,966 INFO o.a.j.t.JMeterThread: Thread finished: Usuarios Concurrentes 1-40
2026-06-16 18:09:02,284 INFO o.a.j.t.JMeterThread: Thread is done: Usuarios Concurrentes 1-41
2026-06-16 18:09:02,284 INFO o.a.j.t.JMeterThread: Thread finished: Usuarios Concurrentes 1-41
2026-06-16 18:09:02,316 INFO o.a.j.t.JMeterThread: Thread is done: Usuarios Concurrentes 1-42
2026-06-16 18:09:02,316 INFO o.a.j.t.JMeterThread: Thread finished: Usuarios Concurrentes 1-42
2026-06-16 18:09:02,580 INFO o.a.j.t.JMeterThread: Thread is done: Usuarios Concurrentes 1-43
2026-06-16 18:09:02,580 INFO o.a.j.t.JMeterThread: Thread finished: Usuarios Concurrentes 1-43
2026-06-16 18:09:02,782 INFO o.a.j.t.JMeterThread: Thread is done: Usuarios Concurrentes 1-44
2026-06-16 18:09:02,782 INFO o.a.j.t.JMeterThread: Thread finished: Usuarios Concurrentes 1-44
2026-06-16 18:09:02,991 INFO o.a.j.t.JMeterThread: Thread is done: Usuarios Concurrentes 1-45
2026-06-16 18:09:02,991 INFO o.a.j.t.JMeterThread: Thread finished: Usuarios Concurrentes 1-45
2026-06-16 18:09:03,053 INFO o.a.j.t.JMeterThread: Thread is done: Usuarios Concurrentes 1-46
2026-06-16 18:09:03,053 INFO o.a.j.t.JMeterThread: Thread finished: Usuarios Concurrentes 1-46
2026-06-16 18:09:03,283 INFO o.a.j.t.JMeterThread: Thread is done: Usuarios Concurrentes 1-47
2026-06-16 18:09:03,283 INFO o.a.j.t.JMeterThread: Thread finished: Usuarios Concurrentes 1-47
2026-06-16 18:09:03,464 INFO o.a.j.t.JMeterThread: Thread is done: Usuarios Concurrentes 1-48
2026-06-16 18:09:03,464 INFO o.a.j.t.JMeterThread: Thread finished: Usuarios Concurrentes 1-48
2026-06-16 18:09:03,676 INFO o.a.j.t.JMeterThread: Thread is done: Usuarios Concurrentes 1-49
2026-06-16 18:09:03,676 INFO o.a.j.t.JMeterThread: Thread finished: Usuarios Concurrentes 1-49
2026-06-16 18:09:03,959 INFO o.a.j.t.JMeterThread: Thread is done: Usuarios Concurrentes 1-50
2026-06-16 18:09:03,959 INFO o.a.j.t.JMeterThread: Thread finished: Usuarios Concurrentes 1-50
2026-06-16 18:09:03,959 INFO o.a.j.e.StandardJMeterEngine: Notifying test listeners of end of test
2026-06-16 18:09:03,959 INFO o.a.j.s.FileServer: Close: jmeter/test-users.csv
2026-06-16 18:09:03,960 INFO o.a.j.r.Summariser: summary +     29 in 00:00:04 =    7.9/s Avg:     2 Min:     2 Max:     4 Err:    29 (100.00%) Active: 0 Started: 50 Finished: 50
2026-06-16 18:09:03,961 INFO o.a.j.r.Summariser: summary =   1250 in 00:01:00 =   20.8/s Avg:     9 Min:     1 Max:   175 Err:  1061 (84.88%)
